2026-01-30T06:46:16.070Z [INFO] Attempting to fetch users...
2026-01-30T06:46:16.072Z [INFO] Database config (password omitted): {
  "user": "sa",
  "server": "10.0.0.8",
  "database": "SalesLeads",
  "options": {
    "encrypt": false,
    "trustServerCertificate": true
  }
}
2026-01-30T06:46:16.072Z [INFO] No existing connection pool found or not connected. Creating new connection...
2026-01-30T06:46:22.730Z [INFO] Attempting to fetch users...
2026-01-30T06:46:22.731Z [INFO] Database config (password omitted): {
  "user": "sa",
  "server": "10.0.0.8",
  "database": "SalesLeads",
  "options": {
    "encrypt": false,
    "trustServerCertificate": true
  }
}
2026-01-30T06:46:22.731Z [INFO] No existing connection pool found or not connected. Creating new connection...
2026-01-30T06:46:31.220Z [ERROR] Database Connection Failed! [Error [ConnectionError]: Failed to connect to 10.0.0.8:1433 in 15000ms] {
  code: 'ETIMEOUT',
  originalError: [Error: Failed to connect to 10.0.0.8:1433 in 15000ms] {
    code: 'ETIMEOUT'
  }
}
2026-01-30T06:46:32.379Z [ERROR] Failed to fetch users: Error: Could not connect to the database.
    at getConnection (src/lib/db.ts:49:11)
    at async getUsers (src/actions/users.ts:17:18)
  47 |     logger.error('Database Connection Failed!', err);
  48 |     pool = null; // Ensure pool is null on failure
> 49 |     throw new Error('Could not connect to the database.');
     |           ^
  50 |   }
  51 | }
  52 |
2026-01-30T06:46:33.215Z [INFO] Attempting to fetch leads...
2026-01-30T06:46:33.216Z [INFO] Database config (password omitted): {
  "user": "sa",
  "server": "10.0.0.8",
  "database": "SalesLeads",
  "options": {
    "encrypt": false,
    "trustServerCertificate": true
  }
}
2026-01-30T06:46:33.217Z [INFO] No existing connection pool found or not connected. Creating new connection...
2026-01-30T06:46:36.836Z [INFO] Attempting to fetch options from table: LeadStatuses
2026-01-30T06:46:36.837Z [INFO] Database config (password omitted): {
  "user": "sa",
  "server": "10.0.0.8",
  "database": "SalesLeads",
  "options": {
    "encrypt": false,
    "trustServerCertificate": true
  }
}
2026-01-30T06:46:36.837Z [INFO] No existing connection pool found or not connected. Creating new connection...
2026-01-30T06:46:37.774Z [ERROR] Database Connection Failed! [Error [ConnectionError]: Failed to connect to 10.0.0.8:1433 in 15000ms] {
  code: 'ETIMEOUT',
  originalError: [Error: Failed to connect to 10.0.0.8:1433 in 15000ms] {
    code: 'ETIMEOUT'
  }
}
2026-01-30T06:46:38.333Z [ERROR] Failed to fetch users: Error: Could not connect to the database.
    at getConnection (src/lib/db.ts:49:11)
    at async getUsers (src/actions/users.ts:17:18)
  47 |     logger.error('Database Connection Failed!', err);
  48 |     pool = null; // Ensure pool is null on failure
> 49 |     throw new Error('Could not connect to the database.');
     |           ^
  50 |   }
  51 | }
  52 |
2026-01-30T06:46:39.337Z [INFO] Attempting to fetch leads...
2026-01-30T06:46:39.338Z [INFO] Database config (password omitted): {
  "user": "sa",
  "server": "10.0.0.8",
  "database": "SalesLeads",
  "options": {
    "encrypt": false,
    "trustServerCertificate": true
  }
}
2026-01-30T06:46:39.338Z [INFO] No existing connection pool found or not connected. Creating new connection...
2026-01-30T06:46:48.257Z [ERROR] Database Connection Failed! [Error [ConnectionError]: Failed to connect to 10.0.0.8:1433 in 15000ms] {
  code: 'ETIMEOUT',
  originalError: [Error: Failed to connect to 10.0.0.8:1433 in 15000ms] {
    code: 'ETIMEOUT'
  }
}
2026-01-30T06:46:48.990Z [ERROR] Failed to fetch leads: Error: Could not connect to the database.
    at getConnection (src/lib/db.ts:49:11)
    at async getLeads (src/actions/leads.ts:48:18)
  47 |     logger.error('Database Connection Failed!', err);
  48 |     pool = null; // Ensure pool is null on failure
> 49 |     throw new Error('Could not connect to the database.');
     |           ^
  50 |   }
  51 | }
  52 |
2026-01-30T06:46:51.881Z [ERROR] Database Connection Failed! [Error [ConnectionError]: Failed to connect to 10.0.0.8:1433 in 15000ms] {
  code: 'ETIMEOUT',
  originalError: [Error: Failed to connect to 10.0.0.8:1433 in 15000ms] {
    code: 'ETIMEOUT'
  }
}
2026-01-30T06:46:53.330Z [ERROR] Failed to fetch options from LeadStatuses: Error: Could not connect to the database.
    at getConnection (src/lib/db.ts:49:11)
    at async fetchOptions (src/actions/options.ts:10:22)
  47 |     logger.error('Database Connection Failed!', err);
  48 |     pool = null; // Ensure pool is null on failure
> 49 |     throw new Error('Could not connect to the database.');
     |           ^
  50 |   }
  51 | }
  52 |
2026-01-30T06:46:54.929Z [ERROR] Database Connection Failed! [Error [ConnectionError]: Failed to connect to 10.0.0.8:1433 in 15000ms] {
  code: 'ETIMEOUT',
  originalError: [Error: Failed to connect to 10.0.0.8:1433 in 15000ms] {
    code: 'ETIMEOUT'
  }
}
2026-01-30T06:46:56.012Z [ERROR] Failed to fetch leads: Error: Could not connect to the database.
    at getConnection (src/lib/db.ts:49:11)
    at async getLeads (src/actions/leads.ts:48:18)
  47 |     logger.error('Database Connection Failed!', err);
  48 |     pool = null; // Ensure pool is null on failure
> 49 |     throw new Error('Could not connect to the database.');
     |           ^
  50 |   }
  51 | }
  52 |
2026-01-30T06:46:58.290Z [INFO] Attempting to fetch options from table: LeadStatuses
2026-01-30T06:46:58.292Z [INFO] Database config (password omitted): {
  "user": "sa",
  "server": "10.0.0.8",
  "database": "SalesLeads",
  "options": {
    "encrypt": false,
    "trustServerCertificate": true
  }
}
2026-01-30T06:46:58.292Z [INFO] No existing connection pool found or not connected. Creating new connection...
2026-01-30T06:47:13.410Z [ERROR] Database Connection Failed! [Error [ConnectionError]: Failed to connect to 10.0.0.8:1433 in 15000ms] {
  code: 'ETIMEOUT',
  originalError: [Error: Failed to connect to 10.0.0.8:1433 in 15000ms] {
    code: 'ETIMEOUT'
  }
}
2026-01-30T06:47:15.790Z [ERROR] Failed to fetch options from LeadStatuses: Error: Could not connect to the database.
    at getConnection (src/lib/db.ts:49:11)
    at async fetchOptions (src/actions/options.ts:10:22)
  47 |     logger.error('Database Connection Failed!', err);
  48 |     pool = null; // Ensure pool is null on failure
> 49 |     throw new Error('Could not connect to the database.');
     |           ^
  50 |   }
  51 | }
  52 |
2026-01-30T06:47:18.686Z [INFO] Attempting to fetch options from table: LeadSubStatuses
2026-01-30T06:47:18.695Z [INFO] Database config (password omitted): {
  "user": "sa",
  "server": "10.0.0.8",
  "database": "SalesLeads",
  "options": {
    "encrypt": false,
    "trustServerCertificate": true
  }
}
2026-01-30T06:47:18.695Z [INFO] No existing connection pool found or not connected. Creating new connection...
2026-01-30T06:47:18.832Z [INFO] Attempting to fetch users...
2026-01-30T06:47:18.835Z [INFO] Database config (password omitted): {
  "user": "sa",
  "server": "10.0.0.8",
  "database": "SalesLeads",
  "options": {
    "encrypt": false,
    "trustServerCertificate": true
  }
}
2026-01-30T06:47:18.835Z [INFO] No existing connection pool found or not connected. Creating new connection...
2026-01-30T06:47:33.948Z [ERROR] Database Connection Failed! [Error [ConnectionError]: Failed to connect to 10.0.0.8:1433 in 15000ms] {
  code: 'ETIMEOUT',
  originalError: [Error: Failed to connect to 10.0.0.8:1433 in 15000ms] {
    code: 'ETIMEOUT'
  }
}
2026-01-30T06:47:35.946Z [ERROR] Failed to fetch options from LeadSubStatuses: Error: Could not connect to the database.
    at getConnection (src/lib/db.ts:49:11)
    at async fetchOptions (src/actions/options.ts:10:22)
  47 |     logger.error('Database Connection Failed!', err);
  48 |     pool = null; // Ensure pool is null on failure
> 49 |     throw new Error('Could not connect to the database.');
     |           ^
  50 |   }
  51 | }
  52 |
2026-01-30T06:47:37.049Z [ERROR] Database Connection Failed! [Error [ConnectionError]: Failed to connect to 10.0.0.8:1433 in 15000ms] {
  code: 'ETIMEOUT',
  originalError: [Error: Failed to connect to 10.0.0.8:1433 in 15000ms] {
    code: 'ETIMEOUT'
  }
}
2026-01-30T06:47:38.164Z [ERROR] Failed to fetch users: Error: Could not connect to the database.
    at getConnection (src/lib/db.ts:49:11)
    at async getUsers (src/actions/users.ts:17:18)
  47 |     logger.error('Database Connection Failed!', err);
  48 |     pool = null; // Ensure pool is null on failure
> 49 |     throw new Error('Could not connect to the database.');
     |           ^
  50 |   }
  51 | }
  52 |
2026-01-30T06:47:39.862Z [INFO] Attempting to fetch leads...
2026-01-30T06:47:39.869Z [INFO] Database config (password omitted): {
  "user": "sa",
  "server": "10.0.0.8",
  "database": "SalesLeads",
  "options": {
    "encrypt": false,
    "trustServerCertificate": true
  }
}
2026-01-30T06:47:39.869Z [INFO] No existing connection pool found or not connected. Creating new connection...
2026-01-30T06:47:39.998Z [INFO] Attempting to fetch options from table: LeadReferences
2026-01-30T06:47:40.006Z [INFO] Database config (password omitted): {
  "user": "sa",
  "server": "10.0.0.8",
  "database": "SalesLeads",
  "options": {
    "encrypt": false,
    "trustServerCertificate": true
  }
}
2026-01-30T06:47:40.006Z [INFO] No existing connection pool found or not connected. Creating new connection...
2026-01-30T06:47:54.906Z [ERROR] Database Connection Failed! [Error [ConnectionError]: Failed to connect to 10.0.0.8:1433 in 15000ms] {
  code: 'ETIMEOUT',
  originalError: [Error: Failed to connect to 10.0.0.8:1433 in 15000ms] {
    code: 'ETIMEOUT'
  }
}
2026-01-30T06:47:55.435Z [ERROR] Failed to fetch leads: Error: Could not connect to the database.
    at getConnection (src/lib/db.ts:49:11)
    at async getLeads (src/actions/leads.ts:48:18)
  47 |     logger.error('Database Connection Failed!', err);
  48 |     pool = null; // Ensure pool is null on failure
> 49 |     throw new Error('Could not connect to the database.');
     |           ^
  50 |   }
  51 | }
  52 |
2026-01-30T06:47:55.960Z [ERROR] Database Connection Failed! [Error [ConnectionError]: Failed to connect to 10.0.0.8:1433 in 15000ms] {
  code: 'ETIMEOUT',
  originalError: [Error: Failed to connect to 10.0.0.8:1433 in 15000ms] {
    code: 'ETIMEOUT'
  }
}
2026-01-30T06:47:56.490Z [ERROR] Failed to fetch options from LeadReferences: Error: Could not connect to the database.
    at getConnection (src/lib/db.ts:49:11)
    at async fetchOptions (src/actions/options.ts:10:22)
  47 |     logger.error('Database Connection Failed!', err);
  48 |     pool = null; // Ensure pool is null on failure
> 49 |     throw new Error('Could not connect to the database.');
     |           ^
  50 |   }
  51 | }
  52 |
2026-01-30T06:47:57.421Z [INFO] Attempting to fetch options from table: LeadStatuses
2026-01-30T06:47:57.423Z [INFO] Database config (password omitted): {
  "user": "sa",
  "server": "10.0.0.8",
  "database": "SalesLeads",
  "options": {
    "encrypt": false,
    "trustServerCertificate": true
  }
}
2026-01-30T06:47:57.423Z [INFO] No existing connection pool found or not connected. Creating new connection...
2026-01-30T06:48:12.466Z [ERROR] Database Connection Failed! [Error [ConnectionError]: Failed to connect to 10.0.0.8:1433 in 15000ms] {
  code: 'ETIMEOUT',
  originalError: [Error: Failed to connect to 10.0.0.8:1433 in 15000ms] {
    code: 'ETIMEOUT'
  }
}
2026-01-30T06:48:12.979Z [ERROR] Failed to fetch options from LeadStatuses: Error: Could not connect to the database.
    at getConnection (src/lib/db.ts:49:11)
    at async fetchOptions (src/actions/options.ts:10:22)
  47 |     logger.error('Database Connection Failed!', err);
  48 |     pool = null; // Ensure pool is null on failure
> 49 |     throw new Error('Could not connect to the database.');
     |           ^
  50 |   }
  51 | }
  52 |
2026-01-30T06:48:13.804Z [INFO] Attempting to fetch options from table: LeadSubStatuses
2026-01-30T06:48:13.805Z [INFO] Database config (password omitted): {
  "user": "sa",
  "server": "10.0.0.8",
  "database": "SalesLeads",
  "options": {
    "encrypt": false,
    "trustServerCertificate": true
  }
}
2026-01-30T06:48:13.805Z [INFO] No existing connection pool found or not connected. Creating new connection...
2026-01-30T06:48:28.847Z [ERROR] Database Connection Failed! [Error [ConnectionError]: Failed to connect to 10.0.0.8:1433 in 15000ms] {
  code: 'ETIMEOUT',
  originalError: [Error: Failed to connect to 10.0.0.8:1433 in 15000ms] {
    code: 'ETIMEOUT'
  }
}
2026-01-30T06:48:29.393Z [ERROR] Failed to fetch options from LeadSubStatuses: Error: Could not connect to the database.
    at getConnection (src/lib/db.ts:49:11)
    at async fetchOptions (src/actions/options.ts:10:22)
  47 |     logger.error('Database Connection Failed!', err);
  48 |     pool = null; // Ensure pool is null on failure
> 49 |     throw new Error('Could not connect to the database.');
     |           ^
  50 |   }
  51 | }
  52 |
2026-01-30T06:48:30.149Z [INFO] Attempting to fetch options from table: LeadReferences
2026-01-30T06:48:30.152Z [INFO] Database config (password omitted): {
  "user": "sa",
  "server": "10.0.0.8",
  "database": "SalesLeads",
  "options": {
    "encrypt": false,
    "trustServerCertificate": true
  }
}
2026-01-30T06:48:30.152Z [INFO] No existing connection pool found or not connected. Creating new connection...
2026-01-30T06:48:45.291Z [ERROR] Database Connection Failed! [Error [ConnectionError]: Failed to connect to 10.0.0.8:1433 in 15000ms] {
  code: 'ETIMEOUT',
  originalError: [Error: Failed to connect to 10.0.0.8:1433 in 15000ms] {
    code: 'ETIMEOUT'
  }
}
2026-01-30T06:48:46.340Z [ERROR] Failed to fetch options from LeadReferences: Error: Could not connect to the database.
    at getConnection (src/lib/db.ts:49:11)
    at async fetchOptions (src/actions/options.ts:10:22)
  47 |     logger.error('Database Connection Failed!', err);
  48 |     pool = null; // Ensure pool is null on failure
> 49 |     throw new Error('Could not connect to the database.');
     |           ^
  50 |   }
  51 | }
  52 |
